// Jest Snapshot v1, https://goo.gl/fbAQLP

exports[`Component Component Mounts Correctly 1`] = `
<div>
  <span />
</div>
`;
